cat: '/sys/devices/system/cpu/cpu*/cpufreq/scaling_governor': No such file or directory
[INFO][AppLauncher]: Using device: cuda:0
[INFO][AppLauncher]: Loading experience file: /root/IsaacLab/apps/isaaclab.python.headless.kit
[INFO]: Parsing configuration from: coordex.tasks.locomanip.walkpickturn_env_cfg:WalkPickTurnEnvCfg
[INFO]: Parsing configuration from: coordex.tasks.locomanip.config.g1_wuji.agents.rsl_rl_ppo_cfg:LocomanipCoordResidualPPORunnerCfg
[INFO] Task: CoorDex-WalkPickTurn-Wuji-v0
[INFO] Policy checkpoint: /root/coordex/ckpts/locomanip/walkpickturn_30k.pt
[INFO] Body prior: /root/coordex/ckpts/body_prior/walkpickturn_30k.pt
[INFO] Hand prior: /root/coordex/ckpts/hand_prior/active_wrist_20k.pt
[INFO]: Base environment:
	Environment device    : cuda:0
	Environment seed      : None
	Physics step-size     : 0.004166666666666667
	Rendering step-size   : 0.016666666666666666
	Environment step-size : 0.016666666666666666
[INFO]: Time taken for scene creation : 1.696508 seconds
[INFO]: Scene manager:  <class InteractiveScene>
	Number of environments: 1
	Environment spacing   : 5.0
	Source prim name      : /World/envs/env_0
	Global prim paths     : ['/World/ground']
	Replicate physics     : True
[INFO]: Starting the simulation. This may take a few seconds. Please wait...
[INFO]: Time taken for simulation start : 1.080111 seconds
[INFO] Command Manager:  <CommandManager> contains 1 active terms.
+------------------------------------------+
|           Active Command Terms           |
+-------+-------+--------------------------+
| Index | Name  |           Type           |
+-------+-------+--------------------------+
|   0   | stage | WalkPickTurnStageCommand |
+-------+-------+--------------------------+

[INFO] Event Manager:  <EventManager> contains 2 active terms.
+----------------------------------+
| Active Event Terms in Mode: 'reset' |
+-----------+----------------------+
|   Index   | Name                 |
+-----------+----------------------+
|     0     | reset_scene          |
+-----------+----------------------+
+--------------------------------------+
| Active Event Terms in Mode: 'startup' |
+----------+---------------------------+
|  Index   | Name                      |
+----------+---------------------------+
|    0     | physics_material          |
|    1     | base_com                  |
+----------+---------------------------+

[INFO] Recorder Manager:  <RecorderManager> contains 0 active terms.
+---------------------+
| Active Recorder Terms |
+-----------+---------+
|   Index   | Name    |
+-----------+---------+
+-----------+---------+

[INFO] Action Manager:  <ActionManager> contains 1 active terms.
+------------------------------------+
|  Active Action Terms (shape: 28)   |
+--------+-------------+-------------+
| Index  | Name        |   Dimension |
+--------+-------------+-------------+
|   0    | joint_pos   |          28 |
+--------+-------------+-------------+

[INFO] Observation Manager: <ObservationManager> contains 2 groups.
+------------------------------------------------------------+
| Active Observation Terms in Group: 'policy' (shape: (655,)) |
+----------+------------------------------------+------------+
|  Index   | Name                               |   Shape    |
+----------+------------------------------------+------------+
|    0     | stage                              |    (5,)    |
|    1     | projected_gravity                  |    (3,)    |
|    2     | humanoid_prior                     |   (465,)   |
|    3     | right_hand_prior                   |   (66,)    |
|    4     | last_latent                        |   (28,)    |
|    5     | fingertip_cube_forces              |   (15,)    |
|    6     | cube_pose                          |    (9,)    |
|    7     | source_table_pose                  |    (9,)    |
|    8     | target_table_pose                  |    (9,)    |
|    9     | target_region_pose                 |    (9,)    |
|    10    | cube_pose_in_hand                  |    (9,)    |
|    11    | body_prior_mean                    |   (16,)    |
|    12    | hand_prior_mean                    |   (12,)    |
+----------+------------------------------------+------------+
+------------------------------------------------------------+
| Active Observation Terms in Group: 'critic' (shape: (627,)) |
+----------+------------------------------------+------------+
|  Index   | Name                               |   Shape    |
+----------+------------------------------------+------------+
|    0     | stage                              |    (5,)    |
|    1     | projected_gravity                  |    (3,)    |
|    2     | humanoid_prior                     |   (465,)   |
|    3     | right_hand_prior                   |   (66,)    |
|    4     | last_latent                        |   (28,)    |
|    5     | fingertip_cube_forces              |   (15,)    |
|    6     | cube_pose                          |    (9,)    |
|    7     | source_table_pose                  |    (9,)    |
|    8     | target_table_pose                  |    (9,)    |
|    9     | target_region_pose                 |    (9,)    |
|    10    | cube_pose_in_hand                  |    (9,)    |
+----------+------------------------------------+------------+

[INFO] Termination Manager:  <TerminationManager> contains 6 active terms.
+------------------------------------------------+
|            Active Termination Terms            |
+-------+-----------------------------+----------+
| Index | Name                        | Time Out |
+-------+-----------------------------+----------+
|   0   | time_out                    |   True   |
|   1   | success                     |  False   |
|   2   | cube_dropped                |  False   |
|   3   | robot_root_state_blowup     |  False   |
|   4   | robot_joint_velocity_blowup |  False   |
|   5   | robot_fall                  |  False   |
+-------+-----------------------------+----------+

[INFO] Reward Manager:  <RewardManager> contains 28 active terms.
+-------------------------------------------------+
|               Active Reward Terms               |
+-------+--------------------------------+--------+
| Index | Name                           | Weight |
+-------+--------------------------------+--------+
|   0   | robot_object_distance          |   15.0 |
|   1   | stage_progress_bonus           |   50.0 |
|   2   | heading_to_object              |  -10.0 |
|   3   | right_hand_target_pose         |   15.0 |
|   4   | right_hand_prep_region_penalty |   -5.0 |
|   5   | right_hand_flat_stage0         |   -5.0 |
|   6   | keep_hand_origin               |    5.0 |
|   7   | hand_cube_distance             |   20.0 |
|   8   | fingertip_contact              |   10.0 |
|   9   | grasp_force                    |   10.0 |
|   10  | cube_lift_height               |   50.0 |
|   11  | hold_object                    |   20.0 |
|   12  | cube_not_lifted                |  -10.0 |
|   13  | cube_table_contact_move        |   -5.0 |
|   14  | cube_hand_rel_move             |   -5.0 |
|   15  | upright_orientation            |    5.0 |
|   16  | success_bonus                  | 1000.0 |
|   17  | action_rate_l2                 |  -0.01 |
|   18  | joint_action_rate_l2           |  -0.01 |
|   19  | left_arm_joint_velocity_l2     |  -0.01 |
|   20  | dof_velocity_l2                |  -0.01 |
|   21  | large_lin_vx                   |  -10.0 |
|   22  | large_lin_vy                   |  -10.0 |
|   23  | large_ang_vel                  |   -5.0 |
|   24  | feet_slip                      |   -5.0 |
|   25  | undesired_table_contacts       |  -10.0 |
|   26  | robot_fall_penalty             |  -10.0 |
|   27  | zero_vel_stage_1_4             |  -10.0 |
+-------+--------------------------------+--------+

[INFO] Curriculum Manager:  <CurriculumManager> contains 0 active terms.
+----------------------+
| Active Curriculum Terms |
+-----------+----------+
|   Index   | Name     |
+-----------+----------+
+-----------+----------+

[INFO]: Completed setting up the environment...
[P] cube  init xyz = (1.3, 0.0, 0.675)
[P] table init xyz = (1.5, 0.0, 0.635)
[P] robot init xyz = (0.0, 0.0, 0.76)
[P] robot init quat= (1.0, 0.0, 0.0, 0.0)
[P] env origin     = (-0.0, 0.0, 0.0)
[P] palm  init xyz = (0.126, -0.224, 0.707)
[P] body_names[:6] = ['pelvis', 'imu_in_pelvis', 'left_hip_pitch_link', 'pelvis_contour_link', 'right_hip_pitch_link', 'waist_yaw_link']
[P] termination terms: ['time_out', 'success', 'cube_dropped', 'robot_root_state_blowup', 'robot_joint_velocity_blowup', 'robot_fall']
[P] s  25 root=(0.089, 0.057, 0.692) cube=(1.3, -0.0, 0.675) palm=(0.294, -0.07, 0.729) palm-cube=1.010 lift=-0.000
[P] s  50 root=(0.557, 0.055, 0.767) cube=(1.3, -0.0, 0.675) palm=(0.792, -0.076, 0.901) palm-cube=0.561 lift=-0.000
[P] s  75 root=(0.868, 0.061, 0.772) cube=(1.3, -0.0, 0.675) palm=(1.107, -0.076, 0.797) palm-cube=0.241 lift=-0.000
[P] s 100 root=(0.913, 0.033, 0.768) cube=(1.33, 0.027, 0.683) palm=(1.182, -0.041, 0.797) palm-cube=0.199 lift=+0.008
[P] s 125 root=(0.791, 0.049, 0.769) cube=(1.382, 0.004, 0.675) palm=(1.206, -0.007, 0.817) palm-cube=0.226 lift=-0.000
[P] s 150 root=(0.742, -0.035, 0.764) cube=(1.382, 0.004, 0.675) palm=(1.242, -0.011, 0.813) palm-cube=0.197 lift=-0.000
[P] s 175 root=(0.835, -0.082, 0.754) cube=(1.377, 0.01, 0.681) palm=(1.265, -0.047, 0.793) palm-cube=0.168 lift=+0.006
[P] s 200 root=(0.929, -0.125, 0.76) cube=(1.376, 0.044, 0.689) palm=(1.292, -0.068, 0.81) palm-cube=0.185 lift=+0.014
[P] s 225 root=(0.991, -0.15, 0.74) cube=(1.338, 0.046, 0.681) palm=(1.296, -0.055, 0.77) palm-cube=0.141 lift=+0.006
[P] s 250 root=(0.997, -0.168, 0.765) cube=(1.402, 0.081, 0.783) palm=(1.35, -0.031, 0.856) palm-cube=0.144 lift=+0.108
[P] s 275 root=(1.041, -0.239, 0.772) cube=(1.258, 0.276, 0.871) palm=(1.255, 0.137, 0.895) palm-cube=0.141 lift=+0.196
[P] s 300 root=(1.097, -0.309, 0.77) cube=(1.051, 0.284, 0.883) palm=(1.087, 0.147, 0.902) palm-cube=0.143 lift=+0.208
[P] s 325 root=(1.151, -0.328, 0.77) cube=(0.977, 0.274, 0.974) palm=(1.025, 0.146, 0.96) palm-cube=0.138 lift=+0.299
[P] s 350 root=(1.142, -0.298, 0.767) cube=(0.828, 0.229, 0.967) palm=(0.891, 0.11, 0.933) palm-cube=0.139 lift=+0.292
[P] s 375 root=(1.142, -0.216, 0.75) cube=(0.699, 0.17, 1.026) palm=(0.789, 0.082, 0.968) palm-cube=0.138 lift=+0.351
[P] s 400 root=(1.091, -0.103, 0.744) cube=(0.592, 0.061, 1.072) palm=(0.698, 0.033, 0.992) palm-cube=0.136 lift=+0.397
[P] === EPISODE 1 ended at step 403: ['success'] | best_lift=+0.398 min_palm_cube=0.134
[P] s 425 root=(0.054, 0.056, 0.689) cube=(1.3, -0.0, 0.675) palm=(0.314, -0.059, 0.769) palm-cube=0.992 lift=-0.000
[P] s 450 root=(0.467, 0.049, 0.763) cube=(1.3, -0.0, 0.675) palm=(0.708, -0.09, 0.893) palm-cube=0.637 lift=-0.000
[P] s 475 root=(0.83, 0.042, 0.769) cube=(1.3, -0.0, 0.675) palm=(1.094, -0.07, 0.818) palm-cube=0.260 lift=-0.000
[P] s 500 root=(0.912, 0.034, 0.774) cube=(1.346, 0.019, 0.683) palm=(1.263, -0.024, 0.799) palm-cube=0.149 lift=+0.008
[P] s 525 root=(0.87, -0.026, 0.769) cube=(1.346, 0.025, 0.681) palm=(1.273, -0.034, 0.804) palm-cube=0.154 lift=+0.006
[P] s 550 root=(0.893, -0.076, 0.775) cube=(1.343, 0.013, 0.676) palm=(1.289, -0.031, 0.789) palm-cube=0.132 lift=+0.001
[P] s 575 root=(0.93, -0.166, 0.759) cube=(1.335, 0.067, 0.863) palm=(1.272, -0.053, 0.88) palm-cube=0.137 lift=+0.188
[P] s 600 root=(1.03, -0.353, 0.766) cube=(1.082, 0.166, 0.881) palm=(1.125, 0.037, 0.902) palm-cube=0.138 lift=+0.206
[P] done
[Warning] [simulation_app.simulation_app] Modules: ['omni.kit_app'] were loaded before SimulationApp was started and might not be loaded correctly.
[Warning] [simulation_app.simulation_app] Please check to make sure no extra omniverse or pxr modules are imported before the call to SimulationApp(...)
Loading user config located at: '/root/miniforge3/envs/coordex/lib/python3.11/site-packages/omni/data/Kit/Isaac-Sim/5.0/user.config.json'
[Info] [carb] Logging to file: /root/miniforge3/envs/coordex/lib/python3.11/site-packages/omni/logs/Kit/Isaac-Sim/5.0/kit_20260815_033001.log
2026-08-14T22:00:01Z [163ms] [Warning] [omni.usd_config.extension] Enable omni.materialx.libs extension to use MaterialX
2026-08-14T22:00:01Z [460ms] [Warning] [omni.platforminfo.plugin] failed to open the default display.  Can't verify X Server version.
2026-08-14T22:00:02Z [906ms] [Warning] [omni.isaac.dynamic_control] omni.isaac.dynamic_control is deprecated as of Isaac Sim 4.5. No action is needed from end-users.

|---------------------------------------------------------------------------------------------|
| Driver Version: 570.211.01    | Graphics API: Vulkan
|=============================================================================================|
| GPU | Name                             | Active | LDA | GPU Memory | Vendor-ID | LUID       |
|     |                                  |        |     |            | Device-ID | UUID       |
|     |                                  |        |     |            | Bus-ID    |            |
|---------------------------------------------------------------------------------------------|
| 0   | NVIDIA L4                        | Yes: 0 |     | 23034   MB | 10de      | 0          |
|     |                                  |        |     |            | 27b8      | bd8abbfe.. |
|     |                                  |        |     |            | 6         |            |
|=============================================================================================|
| OS: 22.04.5 LTS (Jammy Jellyfish) ubuntu, Version: 22.04.5, Kernel: 5.15.0-187-generic
| Processor: AMD EPYC 7543 32-Core Processor
| Cores: 8 | Logical Cores: 8
|---------------------------------------------------------------------------------------------|
| Total Memory (MB): 32087 | Free Memory: 30285
| Total Page/Swap (MB): 0 | Free Page/Swap: 0
|---------------------------------------------------------------------------------------------|
2026-08-14T22:00:07Z [6,043ms] [Warning] [gpu.foundation.plugin] ECC is enabled on physical device 0
2026-08-14T22:00:07Z [6,045ms] [Warning] [gpu.foundation.plugin] PCIe link width current (8) and maximum (16) for device 0 don't match.
2026-08-14T22:00:09Z [8,459ms] [Warning] [isaaclab.envs.manager_based_env] Seed not set for the environment. The environment creation may not be deterministic.
2026-08-14T22:00:10Z [8,690ms] [Warning] [isaaclab.terrains.terrain_importer] Visual material specified for ground plane but no diffuse color found. Using default color: (0.0, 0.0, 0.0)
