cat: '/sys/devices/system/cpu/cpu*/cpufreq/scaling_governor': No such file or directory
[INFO][AppLauncher]: Using device: cuda:0
[INFO][AppLauncher]: Loading experience file: /root/IsaacLab/apps/isaaclab.python.headless.kit
[INFO]: Parsing configuration from: coordex.tasks.locomanip.walkpickturn_env_cfg:WalkPickTurnEnvCfg
[INFO]: Parsing configuration from: coordex.tasks.locomanip.config.g1_wuji.agents.rsl_rl_ppo_cfg:LocomanipCoordResidualPPORunnerCfg
[INFO] Task: CoorDex-WalkPickTurn-Wuji-v0
[INFO] Policy checkpoint: /root/coordex/ckpts/locomanip/walkpickturn_30k.pt
[INFO] Body prior: /root/coordex/ckpts/body_prior/walkpickturn_30k.pt
[INFO] Hand prior: /root/coordex/ckpts/hand_prior/active_wrist_20k.pt
[INFO]: Base environment:
	Environment device    : cuda:0
	Environment seed      : None
	Physics step-size     : 0.004166666666666667
	Rendering step-size   : 0.016666666666666666
	Environment step-size : 0.016666666666666666
[INFO]: Time taken for scene creation : 1.660588 seconds
[INFO]: Scene manager:  <class InteractiveScene>
	Number of environments: 1
	Environment spacing   : 5.0
	Source prim name      : /World/envs/env_0
	Global prim paths     : ['/World/ground']
	Replicate physics     : True
[INFO]: Starting the simulation. This may take a few seconds. Please wait...
[INFO]: Time taken for simulation start : 1.399524 seconds
[INFO] Command Manager:  <CommandManager> contains 1 active terms.
+------------------------------------------+
|           Active Command Terms           |
+-------+-------+--------------------------+
| Index | Name  |           Type           |
+-------+-------+--------------------------+
|   0   | stage | WalkPickTurnStageCommand |
+-------+-------+--------------------------+

[INFO] Event Manager:  <EventManager> contains 2 active terms.
+----------------------------------+
| Active Event Terms in Mode: 'reset' |
+-----------+----------------------+
|   Index   | Name                 |
+-----------+----------------------+
|     0     | reset_scene          |
+-----------+----------------------+
+--------------------------------------+
| Active Event Terms in Mode: 'startup' |
+----------+---------------------------+
|  Index   | Name                      |
+----------+---------------------------+
|    0     | physics_material          |
|    1     | base_com                  |
+----------+---------------------------+

[INFO] Recorder Manager:  <RecorderManager> contains 0 active terms.
+---------------------+
| Active Recorder Terms |
+-----------+---------+
|   Index   | Name    |
+-----------+---------+
+-----------+---------+

[INFO] Action Manager:  <ActionManager> contains 1 active terms.
+------------------------------------+
|  Active Action Terms (shape: 28)   |
+--------+-------------+-------------+
| Index  | Name        |   Dimension |
+--------+-------------+-------------+
|   0    | joint_pos   |          28 |
+--------+-------------+-------------+

[INFO] Observation Manager: <ObservationManager> contains 2 groups.
+------------------------------------------------------------+
| Active Observation Terms in Group: 'policy' (shape: (655,)) |
+----------+------------------------------------+------------+
|  Index   | Name                               |   Shape    |
+----------+------------------------------------+------------+
|    0     | stage                              |    (5,)    |
|    1     | projected_gravity                  |    (3,)    |
|    2     | humanoid_prior                     |   (465,)   |
|    3     | right_hand_prior                   |   (66,)    |
|    4     | last_latent                        |   (28,)    |
|    5     | fingertip_cube_forces              |   (15,)    |
|    6     | cube_pose                          |    (9,)    |
|    7     | source_table_pose                  |    (9,)    |
|    8     | target_table_pose                  |    (9,)    |
|    9     | target_region_pose                 |    (9,)    |
|    10    | cube_pose_in_hand                  |    (9,)    |
|    11    | body_prior_mean                    |   (16,)    |
|    12    | hand_prior_mean                    |   (12,)    |
+----------+------------------------------------+------------+
+------------------------------------------------------------+
| Active Observation Terms in Group: 'critic' (shape: (627,)) |
+----------+------------------------------------+------------+
|  Index   | Name                               |   Shape    |
+----------+------------------------------------+------------+
|    0     | stage                              |    (5,)    |
|    1     | projected_gravity                  |    (3,)    |
|    2     | humanoid_prior                     |   (465,)   |
|    3     | right_hand_prior                   |   (66,)    |
|    4     | last_latent                        |   (28,)    |
|    5     | fingertip_cube_forces              |   (15,)    |
|    6     | cube_pose                          |    (9,)    |
|    7     | source_table_pose                  |    (9,)    |
|    8     | target_table_pose                  |    (9,)    |
|    9     | target_region_pose                 |    (9,)    |
|    10    | cube_pose_in_hand                  |    (9,)    |
+----------+------------------------------------+------------+

[INFO] Termination Manager:  <TerminationManager> contains 6 active terms.
+------------------------------------------------+
|            Active Termination Terms            |
+-------+-----------------------------+----------+
| Index | Name                        | Time Out |
+-------+-----------------------------+----------+
|   0   | time_out                    |   True   |
|   1   | success                     |  False   |
|   2   | cube_dropped                |  False   |
|   3   | robot_root_state_blowup     |  False   |
|   4   | robot_joint_velocity_blowup |  False   |
|   5   | robot_fall                  |  False   |
+-------+-----------------------------+----------+

[INFO] Reward Manager:  <RewardManager> contains 28 active terms.
+-------------------------------------------------+
|               Active Reward Terms               |
+-------+--------------------------------+--------+
| Index | Name                           | Weight |
+-------+--------------------------------+--------+
|   0   | robot_object_distance          |   15.0 |
|   1   | stage_progress_bonus           |   50.0 |
|   2   | heading_to_object              |  -10.0 |
|   3   | right_hand_target_pose         |   15.0 |
|   4   | right_hand_prep_region_penalty |   -5.0 |
|   5   | right_hand_flat_stage0         |   -5.0 |
|   6   | keep_hand_origin               |    5.0 |
|   7   | hand_cube_distance             |   20.0 |
|   8   | fingertip_contact              |   10.0 |
|   9   | grasp_force                    |   10.0 |
|   10  | cube_lift_height               |   50.0 |
|   11  | hold_object                    |   20.0 |
|   12  | cube_not_lifted                |  -10.0 |
|   13  | cube_table_contact_move        |   -5.0 |
|   14  | cube_hand_rel_move             |   -5.0 |
|   15  | upright_orientation            |    5.0 |
|   16  | success_bonus                  | 1000.0 |
|   17  | action_rate_l2                 |  -0.01 |
|   18  | joint_action_rate_l2           |  -0.01 |
|   19  | left_arm_joint_velocity_l2     |  -0.01 |
|   20  | dof_velocity_l2                |  -0.01 |
|   21  | large_lin_vx                   |  -10.0 |
|   22  | large_lin_vy                   |  -10.0 |
|   23  | large_ang_vel                  |   -5.0 |
|   24  | feet_slip                      |   -5.0 |
|   25  | undesired_table_contacts       |  -10.0 |
|   26  | robot_fall_penalty             |  -10.0 |
|   27  | zero_vel_stage_1_4             |  -10.0 |
+-------+--------------------------------+--------+

[INFO] Curriculum Manager:  <CurriculumManager> contains 0 active terms.
+----------------------+
| Active Curriculum Terms |
+-----------+----------+
|   Index   | Name     |
+-----------+----------+
+-----------+----------+

[INFO]: Completed setting up the environment...
[P] cube  init xyz = (1.95, 3.1, 0.675)
[P] table init xyz = (2.15, 3.1, 0.635)
[P] robot init xyz = (0.65, 3.1, 0.76)
[P] robot init quat= (1.0, 0.0, 0.0, 0.0)
[P] env origin     = (-0.0, 0.0, 0.0)
[P] palm  init xyz = (0.776, 2.876, 0.707)
[P] body_names[:6] = ['pelvis', 'imu_in_pelvis', 'left_hip_pitch_link', 'pelvis_contour_link', 'right_hip_pitch_link', 'waist_yaw_link']
[P] termination terms: ['time_out', 'success', 'cube_dropped', 'robot_root_state_blowup', 'robot_joint_velocity_blowup', 'robot_fall']
[P] s  25 root=(0.746, 3.141, 0.706) cube=(1.95, 3.1, 0.675) palm=(0.949, 3.025, 0.739) palm-cube=1.006 lift=-0.000
[P] s  50 root=(1.172, 3.158, 0.769) cube=(1.95, 3.1, 0.675) palm=(1.39, 3.004, 0.86) palm-cube=0.598 lift=-0.000
[P] s  75 root=(1.513, 3.166, 0.777) cube=(1.95, 3.1, 0.675) palm=(1.697, 3.008, 0.81) palm-cube=0.302 lift=-0.000
[P] s 100 root=(1.636, 3.151, 0.77) cube=(1.95, 3.1, 0.675) palm=(1.791, 3.01, 0.786) palm-cube=0.214 lift=-0.000
[P] s 125 root=(1.533, 3.154, 0.772) cube=(1.95, 3.1, 0.675) palm=(1.746, 2.989, 0.801) palm-cube=0.264 lift=-0.000
[P] s 150 root=(1.523, 3.178, 0.778) cube=(1.95, 3.1, 0.675) palm=(1.719, 3.004, 0.793) palm-cube=0.277 lift=-0.000
[P] s 175 root=(1.544, 3.166, 0.782) cube=(1.95, 3.1, 0.675) palm=(1.742, 2.996, 0.803) palm-cube=0.266 lift=-0.000
[P] s 200 root=(1.552, 3.156, 0.78) cube=(1.95, 3.1, 0.675) palm=(1.737, 2.97, 0.825) palm-cube=0.291 lift=-0.000
[P] s 225 root=(1.553, 3.16, 0.779) cube=(1.95, 3.1, 0.675) palm=(1.728, 2.969, 0.826) palm-cube=0.299 lift=-0.000
[P] s 250 root=(1.554, 3.167, 0.78) cube=(1.95, 3.1, 0.675) palm=(1.712, 2.973, 0.834) palm-cube=0.313 lift=-0.000
[P] s 275 root=(1.556, 3.169, 0.78) cube=(1.95, 3.1, 0.675) palm=(1.695, 2.968, 0.834) palm-cube=0.329 lift=-0.000
[P] s 300 root=(1.567, 3.163, 0.78) cube=(1.95, 3.1, 0.675) palm=(1.691, 2.993, 0.852) palm-cube=0.331 lift=-0.000
[P] s 325 root=(1.576, 3.138, 0.781) cube=(1.95, 3.1, 0.675) palm=(1.703, 2.982, 0.87) palm-cube=0.336 lift=-0.000
[P] s 350 root=(1.591, 3.1, 0.784) cube=(1.95, 3.1, 0.675) palm=(1.714, 2.951, 0.878) palm-cube=0.346 lift=-0.000
[P] s 375 root=(1.662, 3.034, 0.775) cube=(1.95, 3.1, 0.675) palm=(1.758, 2.899, 0.903) palm-cube=0.360 lift=-0.000
[P] s 400 root=(1.7, 2.98, 0.765) cube=(1.95, 3.1, 0.675) palm=(1.827, 2.872, 0.911) palm-cube=0.351 lift=-0.000
[P] s 425 root=(1.663, 2.948, 0.772) cube=(1.95, 3.1, 0.675) palm=(1.759, 2.844, 0.918) palm-cube=0.402 lift=-0.000
[P] s 450 root=(1.591, 2.99, 0.778) cube=(1.95, 3.1, 0.675) palm=(1.685, 2.864, 0.915) palm-cube=0.429 lift=-0.000
[P] s 475 root=(1.55, 3.045, 0.769) cube=(1.95, 3.1, 0.675) palm=(1.649, 2.91, 0.906) palm-cube=0.424 lift=-0.000
[P] s 500 root=(1.524, 3.089, 0.741) cube=(1.95, 3.1, 0.675) palm=(1.618, 2.956, 0.872) palm-cube=0.412 lift=-0.000
[P] s 525 root=(1.529, 3.087, 0.756) cube=(1.95, 3.1, 0.675) palm=(1.629, 2.97, 0.895) palm-cube=0.410 lift=-0.000
[P] s 550 root=(1.518, 3.045, 0.778) cube=(1.95, 3.1, 0.675) palm=(1.606, 2.911, 0.914) palm-cube=0.460 lift=-0.000
[P] s 575 root=(1.527, 3.027, 0.778) cube=(1.95, 3.1, 0.675) palm=(1.604, 2.875, 0.923) palm-cube=0.481 lift=-0.000
[P] s 600 root=(0.65, 3.1, 0.76) cube=(1.95, 3.1, 0.675) palm=(0.776, 2.876, 0.707) palm-cube=1.195 lift=+0.000
[P] === EPISODE 1 ended at step 600: ['time_out'] | best_lift=+0.000 min_palm_cube=0.212
[P] done
[Warning] [simulation_app.simulation_app] Modules: ['omni.kit_app'] were loaded before SimulationApp was started and might not be loaded correctly.
[Warning] [simulation_app.simulation_app] Please check to make sure no extra omniverse or pxr modules are imported before the call to SimulationApp(...)
Loading user config located at: '/root/miniforge3/envs/coordex/lib/python3.11/site-packages/omni/data/Kit/Isaac-Sim/5.0/user.config.json'
[Info] [carb] Logging to file: /root/miniforge3/envs/coordex/lib/python3.11/site-packages/omni/logs/Kit/Isaac-Sim/5.0/kit_20260815_032800.log
2026-08-14T21:58:00Z [165ms] [Warning] [omni.usd_config.extension] Enable omni.materialx.libs extension to use MaterialX
2026-08-14T21:58:01Z [469ms] [Warning] [omni.platforminfo.plugin] failed to open the default display.  Can't verify X Server version.
2026-08-14T21:58:01Z [918ms] [Warning] [omni.isaac.dynamic_control] omni.isaac.dynamic_control is deprecated as of Isaac Sim 4.5. No action is needed from end-users.

|---------------------------------------------------------------------------------------------|
| Driver Version: 570.211.01    | Graphics API: Vulkan
|=============================================================================================|
| GPU | Name                             | Active | LDA | GPU Memory | Vendor-ID | LUID       |
|     |                                  |        |     |            | Device-ID | UUID       |
|     |                                  |        |     |            | Bus-ID    |            |
|---------------------------------------------------------------------------------------------|
| 0   | NVIDIA L4                        | Yes: 0 |     | 23034   MB | 10de      | 0          |
|     |                                  |        |     |            | 27b8      | bd8abbfe.. |
|     |                                  |        |     |            | 6         |            |
|=============================================================================================|
| OS: 22.04.5 LTS (Jammy Jellyfish) ubuntu, Version: 22.04.5, Kernel: 5.15.0-187-generic
| Processor: AMD EPYC 7543 32-Core Processor
| Cores: 8 | Logical Cores: 8
|---------------------------------------------------------------------------------------------|
| Total Memory (MB): 32087 | Free Memory: 30296
| Total Page/Swap (MB): 0 | Free Page/Swap: 0
|---------------------------------------------------------------------------------------------|
2026-08-14T21:58:06Z [6,083ms] [Warning] [gpu.foundation.plugin] ECC is enabled on physical device 0
2026-08-14T21:58:06Z [6,085ms] [Warning] [gpu.foundation.plugin] PCIe link width current (8) and maximum (16) for device 0 don't match.
2026-08-14T21:58:09Z [8,457ms] [Warning] [isaaclab.envs.manager_based_env] Seed not set for the environment. The environment creation may not be deterministic.
2026-08-14T21:58:09Z [8,674ms] [Warning] [isaaclab.terrains.terrain_importer] Visual material specified for ground plane but no diffuse color found. Using default color: (0.0, 0.0, 0.0)
