cat: '/sys/devices/system/cpu/cpu*/cpufreq/scaling_governor': No such file or directory
[INFO][AppLauncher]: Using device: cuda:0
[INFO][AppLauncher]: Loading experience file: /root/IsaacLab/apps/isaaclab.python.headless.kit
[INFO]: Parsing configuration from: coordex.tasks.locomanip.walkpickturn_env_cfg:WalkPickTurnEnvCfg
[INFO]: Parsing configuration from: coordex.tasks.locomanip.config.g1_wuji.agents.rsl_rl_ppo_cfg:LocomanipCoordResidualPPORunnerCfg
[INFO] Task: CoorDex-WalkPickTurn-Wuji-v0
[INFO] Policy checkpoint: /root/coordex/ckpts/locomanip/walkpickturn_30k.pt
[INFO] Body prior: /root/coordex/ckpts/body_prior/walkpickturn_30k.pt
[INFO] Hand prior: /root/coordex/ckpts/hand_prior/active_wrist_20k.pt
[INFO]: Base environment:
	Environment device    : cuda:0
	Environment seed      : None
	Physics step-size     : 0.004166666666666667
	Rendering step-size   : 0.016666666666666666
	Environment step-size : 0.016666666666666666
[INFO]: Time taken for scene creation : 1.425502 seconds
[INFO]: Scene manager:  <class InteractiveScene>
	Number of environments: 1
	Environment spacing   : 5.0
	Source prim name      : /World/envs/env_0
	Global prim paths     : ['/World/ground']
	Replicate physics     : True
[INFO]: Starting the simulation. This may take a few seconds. Please wait...
[INFO]: Time taken for simulation start : 1.444134 seconds
[INFO] Command Manager:  <CommandManager> contains 1 active terms.
+------------------------------------------+
|           Active Command Terms           |
+-------+-------+--------------------------+
| Index | Name  |           Type           |
+-------+-------+--------------------------+
|   0   | stage | WalkPickTurnStageCommand |
+-------+-------+--------------------------+

[INFO] Event Manager:  <EventManager> contains 2 active terms.
+----------------------------------+
| Active Event Terms in Mode: 'reset' |
+-----------+----------------------+
|   Index   | Name                 |
+-----------+----------------------+
|     0     | reset_scene          |
+-----------+----------------------+
+--------------------------------------+
| Active Event Terms in Mode: 'startup' |
+----------+---------------------------+
|  Index   | Name                      |
+----------+---------------------------+
|    0     | physics_material          |
|    1     | base_com                  |
+----------+---------------------------+

[INFO] Recorder Manager:  <RecorderManager> contains 0 active terms.
+---------------------+
| Active Recorder Terms |
+-----------+---------+
|   Index   | Name    |
+-----------+---------+
+-----------+---------+

[INFO] Action Manager:  <ActionManager> contains 1 active terms.
+------------------------------------+
|  Active Action Terms (shape: 28)   |
+--------+-------------+-------------+
| Index  | Name        |   Dimension |
+--------+-------------+-------------+
|   0    | joint_pos   |          28 |
+--------+-------------+-------------+

[INFO] Observation Manager: <ObservationManager> contains 2 groups.
+------------------------------------------------------------+
| Active Observation Terms in Group: 'policy' (shape: (655,)) |
+----------+------------------------------------+------------+
|  Index   | Name                               |   Shape    |
+----------+------------------------------------+------------+
|    0     | stage                              |    (5,)    |
|    1     | projected_gravity                  |    (3,)    |
|    2     | humanoid_prior                     |   (465,)   |
|    3     | right_hand_prior                   |   (66,)    |
|    4     | last_latent                        |   (28,)    |
|    5     | fingertip_cube_forces              |   (15,)    |
|    6     | cube_pose                          |    (9,)    |
|    7     | source_table_pose                  |    (9,)    |
|    8     | target_table_pose                  |    (9,)    |
|    9     | target_region_pose                 |    (9,)    |
|    10    | cube_pose_in_hand                  |    (9,)    |
|    11    | body_prior_mean                    |   (16,)    |
|    12    | hand_prior_mean                    |   (12,)    |
+----------+------------------------------------+------------+
+------------------------------------------------------------+
| Active Observation Terms in Group: 'critic' (shape: (627,)) |
+----------+------------------------------------+------------+
|  Index   | Name                               |   Shape    |
+----------+------------------------------------+------------+
|    0     | stage                              |    (5,)    |
|    1     | projected_gravity                  |    (3,)    |
|    2     | humanoid_prior                     |   (465,)   |
|    3     | right_hand_prior                   |   (66,)    |
|    4     | last_latent                        |   (28,)    |
|    5     | fingertip_cube_forces              |   (15,)    |
|    6     | cube_pose                          |    (9,)    |
|    7     | source_table_pose                  |    (9,)    |
|    8     | target_table_pose                  |    (9,)    |
|    9     | target_region_pose                 |    (9,)    |
|    10    | cube_pose_in_hand                  |    (9,)    |
+----------+------------------------------------+------------+

[INFO] Termination Manager:  <TerminationManager> contains 6 active terms.
+------------------------------------------------+
|            Active Termination Terms            |
+-------+-----------------------------+----------+
| Index | Name                        | Time Out |
+-------+-----------------------------+----------+
|   0   | time_out                    |   True   |
|   1   | success                     |  False   |
|   2   | cube_dropped                |  False   |
|   3   | robot_root_state_blowup     |  False   |
|   4   | robot_joint_velocity_blowup |  False   |
|   5   | robot_fall                  |  False   |
+-------+-----------------------------+----------+

[INFO] Reward Manager:  <RewardManager> contains 28 active terms.
+-------------------------------------------------+
|               Active Reward Terms               |
+-------+--------------------------------+--------+
| Index | Name                           | Weight |
+-------+--------------------------------+--------+
|   0   | robot_object_distance          |   15.0 |
|   1   | stage_progress_bonus           |   50.0 |
|   2   | heading_to_object              |  -10.0 |
|   3   | right_hand_target_pose         |   15.0 |
|   4   | right_hand_prep_region_penalty |   -5.0 |
|   5   | right_hand_flat_stage0         |   -5.0 |
|   6   | keep_hand_origin               |    5.0 |
|   7   | hand_cube_distance             |   20.0 |
|   8   | fingertip_contact              |   10.0 |
|   9   | grasp_force                    |   10.0 |
|   10  | cube_lift_height               |   50.0 |
|   11  | hold_object                    |   20.0 |
|   12  | cube_not_lifted                |  -10.0 |
|   13  | cube_table_contact_move        |   -5.0 |
|   14  | cube_hand_rel_move             |   -5.0 |
|   15  | upright_orientation            |    5.0 |
|   16  | success_bonus                  | 1000.0 |
|   17  | action_rate_l2                 |  -0.01 |
|   18  | joint_action_rate_l2           |  -0.01 |
|   19  | left_arm_joint_velocity_l2     |  -0.01 |
|   20  | dof_velocity_l2                |  -0.01 |
|   21  | large_lin_vx                   |  -10.0 |
|   22  | large_lin_vy                   |  -10.0 |
|   23  | large_ang_vel                  |   -5.0 |
|   24  | feet_slip                      |   -5.0 |
|   25  | undesired_table_contacts       |  -10.0 |
|   26  | robot_fall_penalty             |  -10.0 |
|   27  | zero_vel_stage_1_4             |  -10.0 |
+-------+--------------------------------+--------+

[INFO] Curriculum Manager:  <CurriculumManager> contains 0 active terms.
+----------------------+
| Active Curriculum Terms |
+-----------+----------+
|   Index   | Name     |
+-----------+----------+
+-----------+----------+

[INFO]: Completed setting up the environment...
[P] cube  init xyz = (1.95, 3.1, 0.675)
[P] table init xyz = (2.15, 3.1, 0.635)
[P] robot init xyz = (0.65, 3.1, 0.76)
[P] robot init quat= (1.0, 0.0, 0.0, 0.0)
[P] env origin     = (-0.0, 0.0, 0.0)
[P] palm  init xyz = (0.776, 2.876, 0.707)
[P] body_names[:6] = ['pelvis', 'imu_in_pelvis', 'left_hip_pitch_link', 'pelvis_contour_link', 'right_hip_pitch_link', 'waist_yaw_link']
[P] termination terms: ['time_out', 'success', 'cube_dropped', 'robot_root_state_blowup', 'robot_joint_velocity_blowup', 'robot_fall']
[P] s  25 root=(0.731, 3.163, 0.701) cube=(1.95, 3.1, 0.675) palm=(0.936, 3.029, 0.749) palm-cube=1.019 lift=-0.000
[P] s  50 root=(1.167, 3.163, 0.772) cube=(1.95, 3.1, 0.675) palm=(1.431, 3.046, 0.903) palm-cube=0.570 lift=-0.000
[P] s  75 root=(1.499, 3.155, 0.774) cube=(1.95, 3.1, 0.675) palm=(1.791, 3.047, 0.801) palm-cube=0.209 lift=-0.000
[P] s 100 root=(1.57, 3.109, 0.781) cube=(1.964, 3.126, 0.684) palm=(1.894, 3.066, 0.788) palm-cube=0.139 lift=+0.009
[P] s 125 root=(1.561, 3.028, 0.772) cube=(1.985, 3.22, 0.824) palm=(1.919, 3.108, 0.872) palm-cube=0.138 lift=+0.149
[P] s 150 root=(1.616, 2.915, 0.767) cube=(1.824, 3.397, 0.937) palm=(1.825, 3.262, 0.931) palm-cube=0.135 lift=+0.262
[P] s 175 root=(1.699, 2.832, 0.767) cube=(1.65, 3.401, 0.958) palm=(1.686, 3.272, 0.946) palm-cube=0.135 lift=+0.283
[P] s 200 root=(1.794, 2.834, 0.767) cube=(1.517, 3.37, 0.981) palm=(1.583, 3.257, 0.957) palm-cube=0.133 lift=+0.306
[P] s 225 root=(1.787, 2.859, 0.761) cube=(1.392, 3.314, 0.997) palm=(1.469, 3.211, 0.961) palm-cube=0.133 lift=+0.322
[P] === EPISODE 1 ended at step 226: ['success'] | best_lift=+0.323 min_palm_cube=0.133
[P] s 250 root=(0.719, 3.147, 0.694) cube=(1.95, 3.1, 0.675) palm=(0.963, 3.009, 0.755) palm-cube=0.994 lift=-0.000
[P] s 275 root=(1.154, 3.108, 0.767) cube=(1.95, 3.1, 0.675) palm=(1.398, 2.99, 0.91) palm-cube=0.610 lift=-0.000
[P] s 300 root=(1.494, 3.091, 0.779) cube=(1.95, 3.1, 0.675) palm=(1.787, 3.013, 0.809) palm-cube=0.228 lift=-0.000
[P] s 325 root=(1.643, 3.027, 0.779) cube=(1.951, 3.104, 0.678) palm=(1.898, 3.025, 0.799) palm-cube=0.153 lift=+0.003
[P] s 350 root=(1.615, 2.94, 0.777) cube=(1.954, 3.12, 0.716) palm=(1.927, 3.027, 0.811) palm-cube=0.136 lift=+0.041
[P] s 375 root=(1.626, 2.862, 0.78) cube=(1.962, 3.213, 0.871) palm=(1.932, 3.08, 0.899) palm-cube=0.138 lift=+0.196
[P] s 400 root=(1.707, 2.812, 0.768) cube=(1.696, 3.333, 0.912) palm=(1.743, 3.209, 0.909) palm-cube=0.132 lift=+0.237
[P] s 425 root=(1.76, 2.825, 0.764) cube=(1.536, 3.318, 0.974) palm=(1.619, 3.22, 0.945) palm-cube=0.132 lift=+0.299
[P] s 450 root=(1.796, 2.87, 0.758) cube=(1.379, 3.233, 1.001) palm=(1.486, 3.168, 0.961) palm-cube=0.132 lift=+0.326
[P] s 475 root=(1.777, 2.928, 0.751) cube=(1.292, 3.144, 1.035) palm=(1.401, 3.114, 0.974) palm-cube=0.129 lift=+0.360
[P] === EPISODE 2 ended at step 479: ['success'] | best_lift=+0.362 min_palm_cube=0.129
[P] s 500 root=(0.7, 3.154, 0.691) cube=(1.95, 3.1, 0.675) palm=(0.973, 3.044, 0.786) palm-cube=0.985 lift=-0.000
[P] s 525 root=(1.118, 3.155, 0.762) cube=(1.95, 3.1, 0.675) palm=(1.355, 3.038, 0.893) palm-cube=0.637 lift=-0.000
[P] s 550 root=(1.49, 3.185, 0.775) cube=(1.95, 3.1, 0.675) palm=(1.777, 3.069, 0.803) palm-cube=0.217 lift=-0.000
[P] s 575 root=(1.626, 3.127, 0.782) cube=(1.96, 3.139, 0.68) palm=(1.898, 3.076, 0.786) palm-cube=0.138 lift=+0.005
[P] s 600 root=(1.596, 2.997, 0.771) cube=(2.008, 3.179, 0.789) palm=(1.949, 3.073, 0.854) palm-cube=0.138 lift=+0.114
[P] done
[Warning] [simulation_app.simulation_app] Modules: ['omni.kit_app'] were loaded before SimulationApp was started and might not be loaded correctly.
[Warning] [simulation_app.simulation_app] Please check to make sure no extra omniverse or pxr modules are imported before the call to SimulationApp(...)
Loading user config located at: '/root/miniforge3/envs/coordex/lib/python3.11/site-packages/omni/data/Kit/Isaac-Sim/5.0/user.config.json'
[Info] [carb] Logging to file: /root/miniforge3/envs/coordex/lib/python3.11/site-packages/omni/logs/Kit/Isaac-Sim/5.0/kit_20260815_033257.log
2026-08-14T22:02:57Z [162ms] [Warning] [omni.usd_config.extension] Enable omni.materialx.libs extension to use MaterialX
2026-08-14T22:02:58Z [459ms] [Warning] [omni.platforminfo.plugin] failed to open the default display.  Can't verify X Server version.
2026-08-14T22:02:58Z [908ms] [Warning] [omni.isaac.dynamic_control] omni.isaac.dynamic_control is deprecated as of Isaac Sim 4.5. No action is needed from end-users.

|---------------------------------------------------------------------------------------------|
| Driver Version: 570.211.01    | Graphics API: Vulkan
|=============================================================================================|
| GPU | Name                             | Active | LDA | GPU Memory | Vendor-ID | LUID       |
|     |                                  |        |     |            | Device-ID | UUID       |
|     |                                  |        |     |            | Bus-ID    |            |
|---------------------------------------------------------------------------------------------|
| 0   | NVIDIA L4                        | Yes: 0 |     | 23034   MB | 10de      | 0          |
|     |                                  |        |     |            | 27b8      | bd8abbfe.. |
|     |                                  |        |     |            | 6         |            |
|=============================================================================================|
| OS: 22.04.5 LTS (Jammy Jellyfish) ubuntu, Version: 22.04.5, Kernel: 5.15.0-187-generic
| Processor: AMD EPYC 7543 32-Core Processor
| Cores: 8 | Logical Cores: 8
|---------------------------------------------------------------------------------------------|
| Total Memory (MB): 32087 | Free Memory: 30280
| Total Page/Swap (MB): 0 | Free Page/Swap: 0
|---------------------------------------------------------------------------------------------|
2026-08-14T22:03:03Z [6,119ms] [Warning] [gpu.foundation.plugin] ECC is enabled on physical device 0
2026-08-14T22:03:03Z [6,121ms] [Warning] [gpu.foundation.plugin] PCIe link width current (8) and maximum (16) for device 0 don't match.
2026-08-14T22:03:06Z [8,552ms] [Warning] [isaaclab.envs.manager_based_env] Seed not set for the environment. The environment creation may not be deterministic.
2026-08-14T22:03:06Z [8,764ms] [Warning] [isaaclab.terrains.terrain_importer] Visual material specified for ground plane but no diffuse color found. Using default color: (0.0, 0.0, 0.0)
